// Jest Snapshot v1, https://goo.gl/fbAQLP

exports[`Pruebas en <WeatherGrid/> Debe hacer match con el snapshot 1`] = `
<div>
  <p
    class="mt-3"
  >
    Clima actual en: Miami
  </p>
  <hr />
  <div />
</div>
`;
