// Jest Snapshot v1, https://goo.gl/fbAQLP

exports[`Pruebas en <AddNewPlace/> Debe hacer match con el snapshot 1`] = `
<div>
  <form
    aria-label="form"
    class=""
  >
    <div>
      <input
        class="form-control"
        placeholder="Busca un lugar, paÃ­s o ciudad"
        type="text"
        value=""
      />
    </div>
  </form>
</div>
`;
